// Jest Snapshot v1, https://goo.gl/fbAQLP

exports[`<DeckCard /> should match snapshot 1`] = `
<div>
  <div
    class="mdc-card h-100 mdc-card--outlined"
  >
    <div
      class="mdc-card__primary-action pa2 h-100"
      role="button"
      tabindex="0"
    >
      <h6
        class="mdc-typography mdc-typography--headline6"
      >
        日本語げんき
      </h6>
    </div>
  </div>
</div>
`;
